[debug] [2026-02-01T06:48:05.902Z] ----------------------------------------------------------------------
[debug] [2026-02-01T06:48:05.903Z] Command:       /Users/kartiktaak/.nvm/versions/node/v22.22.0/bin/node /Users/kartiktaak/.nvm/versions/node/v22.22.0/bin/firebase deploy --only functions
[debug] [2026-02-01T06:48:05.903Z] CLI Version:   15.5.1
[debug] [2026-02-01T06:48:05.903Z] Platform:      darwin
[debug] [2026-02-01T06:48:05.903Z] Node Version:  v22.22.0
[debug] [2026-02-01T06:48:05.904Z] Time:          Sun Feb 01 2026 12:18:05 GMT+0530 (India Standard Time)
[debug] [2026-02-01T06:48:05.904Z] ----------------------------------------------------------------------
[debug] 
[debug] [2026-02-01T06:48:06.452Z] > command requires scopes: ["email","openid","https://www.googleapis.com/auth/cloudplatformprojects.readonly","https://www.googleapis.com/auth/firebase","https://www.googleapis.com/auth/cloud-platform"]
[debug] [2026-02-01T06:48:06.453Z] > authorizing via signed-in user (karantaak1994@gmail.com)
[debug] [2026-02-01T06:48:06.453Z] [iam] checking project convoai-chat for permissions ["cloudfunctions.functions.create","cloudfunctions.functions.delete","cloudfunctions.functions.get","cloudfunctions.functions.list","cloudfunctions.functions.update","cloudfunctions.operations.get","firebase.projects.get"]
[debug] [2026-02-01T06:48:06.453Z] Checked if tokens are valid: true, expires at: 1769931137741
[debug] [2026-02-01T06:48:06.453Z] Checked if tokens are valid: true, expires at: 1769931137741
[debug] [2026-02-01T06:48:06.453Z] >>> [apiv2][query] POST https://cloudresourcemanager.googleapis.com/v1/projects/convoai-chat:testIamPermissions [none]
[debug] [2026-02-01T06:48:06.453Z] >>> [apiv2][(partial)header] POST https://cloudresourcemanager.googleapis.com/v1/projects/convoai-chat:testIamPermissions  x-goog-user-project=convoai-chat
[debug] [2026-02-01T06:48:06.453Z] >>> [apiv2][body] POST https://cloudresourcemanager.googleapis.com/v1/projects/convoai-chat:testIamPermissions {"permissions":["cloudfunctions.functions.create","cloudfunctions.functions.delete","cloudfunctions.functions.get","cloudfunctions.functions.list","cloudfunctions.functions.update","cloudfunctions.operations.get","firebase.projects.get"]}
[debug] [2026-02-01T06:48:08.100Z] <<< [apiv2][status] POST https://cloudresourcemanager.googleapis.com/v1/projects/convoai-chat:testIamPermissions 200
[debug] [2026-02-01T06:48:08.100Z] <<< [apiv2][body] POST https://cloudresourcemanager.googleapis.com/v1/projects/convoai-chat:testIamPermissions {"permissions":["cloudfunctions.functions.create","cloudfunctions.functions.delete","cloudfunctions.functions.get","cloudfunctions.functions.list","cloudfunctions.functions.update","cloudfunctions.operations.get","firebase.projects.get"]}
[debug] [2026-02-01T06:48:08.100Z] Checked if tokens are valid: true, expires at: 1769931137741
[debug] [2026-02-01T06:48:08.100Z] Checked if tokens are valid: true, expires at: 1769931137741
[debug] [2026-02-01T06:48:08.101Z] >>> [apiv2][query] POST https://iam.googleapis.com/v1/projects/convoai-chat/serviceAccounts/convoai-chat@appspot.gserviceaccount.com:testIamPermissions [none]
[debug] [2026-02-01T06:48:08.101Z] >>> [apiv2][body] POST https://iam.googleapis.com/v1/projects/convoai-chat/serviceAccounts/convoai-chat@appspot.gserviceaccount.com:testIamPermissions {"permissions":["iam.serviceAccounts.actAs"]}
[debug] [2026-02-01T06:48:09.984Z] <<< [apiv2][status] POST https://iam.googleapis.com/v1/projects/convoai-chat/serviceAccounts/convoai-chat@appspot.gserviceaccount.com:testIamPermissions 200
[debug] [2026-02-01T06:48:09.984Z] <<< [apiv2][body] POST https://iam.googleapis.com/v1/projects/convoai-chat/serviceAccounts/convoai-chat@appspot.gserviceaccount.com:testIamPermissions {"permissions":["iam.serviceAccounts.actAs"]}
[info] 
[info] === Deploying to 'convoai-chat'...
[info] 
[info] i  deploying functions 
[info] ✔  functions: Finished running predeploy script. 
[debug] [2026-02-01T06:48:09.989Z] Checked if tokens are valid: true, expires at: 1769931137741
[debug] [2026-02-01T06:48:09.989Z] Checked if tokens are valid: true, expires at: 1769931137741
[debug] [2026-02-01T06:48:09.989Z] >>> [apiv2][query] GET https://cloudresourcemanager.googleapis.com/v1/projects/convoai-chat [none]
[debug] [2026-02-01T06:48:10.393Z] <<< [apiv2][status] GET https://cloudresourcemanager.googleapis.com/v1/projects/convoai-chat 200
[debug] [2026-02-01T06:48:10.393Z] <<< [apiv2][body] GET https://cloudresourcemanager.googleapis.com/v1/projects/convoai-chat {"projectNumber":"756918330776","projectId":"convoai-chat","lifecycleState":"ACTIVE","name":"convoAi-Chat","labels":{"firebase":"enabled","firebase-core":"disabled"},"createTime":"2026-01-28T21:11:33.949261Z"}
[info] i  functions: preparing codebase default for deployment 
[info] i  functions: ensuring required API cloudfunctions.googleapis.com is enabled... 
[info] i  functions: ensuring required API cloudbuild.googleapis.com is enabled... 
[info] i  artifactregistry: ensuring required API artifactregistry.googleapis.com is enabled... 
[debug] [2026-02-01T06:48:10.396Z] Checked if tokens are valid: true, expires at: 1769931137741
[debug] [2026-02-01T06:48:10.397Z] Checked if tokens are valid: true, expires at: 1769931137741
[debug] [2026-02-01T06:48:10.397Z] >>> [apiv2][query] GET https://firebase.googleapis.com/v1beta1/projects/convoai-chat/adminSdkConfig [none]
[debug] [2026-02-01T06:48:11.005Z] <<< [apiv2][status] GET https://firebase.googleapis.com/v1beta1/projects/convoai-chat/adminSdkConfig 200
[debug] [2026-02-01T06:48:11.006Z] <<< [apiv2][body] GET https://firebase.googleapis.com/v1beta1/projects/convoai-chat/adminSdkConfig {"projectId":"convoai-chat","storageBucket":"convoai-chat.firebasestorage.app"}
[debug] [2026-02-01T06:48:11.010Z] Validating nodejs source
[debug] [2026-02-01T06:48:11.853Z] > [functions] package.json contents: {
  "name": "functions",
  "description": "Cloud Functions for Firebase",
  "scripts": {
    "serve": "firebase emulators:start --only functions",
    "shell": "firebase functions:shell",
    "start": "npm run shell",
    "deploy": "firebase deploy --only functions",
    "logs": "firebase functions:log"
  },
  "engines": {
    "node": "24"
  },
  "main": "index.js",
  "dependencies": {
    "@google/generative-ai": "^0.24.1",
    "firebase-admin": "^13.6.0",
    "firebase-functions": "^7.0.5"
  },
  "devDependencies": {
    "eslint": "^8.15.0",
    "eslint-config-google": "^0.14.0",
    "firebase-functions-test": "^3.4.1"
  },
  "private": true
}
[debug] [2026-02-01T06:48:11.853Z] Building nodejs source
[info] i  functions: Loading and analyzing source code for codebase default to determine what to deploy 
[debug] [2026-02-01T06:48:11.854Z] Could not find functions.yaml. Must use http discovery
[debug] [2026-02-01T06:48:11.859Z] Found firebase-functions binary at '/Users/kartiktaak/Public/Development/Development/ConvoAIChat/functions/node_modules/.bin/firebase-functions'
[info] Serving at port 8086

[debug] [2026-02-01T06:48:12.135Z] Got response from /__/functions.yaml {"endpoints":{"onNewMessage":{"availableMemoryMb":null,"timeoutSeconds":null,"minInstances":null,"maxInstances":null,"ingressSettings":null,"concurrency":null,"serviceAccountEmail":null,"vpc":null,"platform":"gcfv2","labels":{},"eventTrigger":{"eventType":"google.cloud.firestore.document.v1.created","eventFilters":{"database":"(default)","namespace":"(default)"},"eventFilterPathPatterns":{"document":"rooms/{roomId}/messages/{messageId}"},"retry":false},"entryPoint":"onNewMessage"}},"specVersion":"v1alpha1","requiredAPIs":[],"extensions":{},"params":[{"type":"secret","name":"GEMINI_API_KEY"}]}
[info] i  extensions: ensuring required API firebaseextensions.googleapis.com is enabled... 
[debug] [2026-02-01T06:48:16.159Z] > command requires scopes: ["email","openid","https://www.googleapis.com/auth/cloudplatformprojects.readonly","https://www.googleapis.com/auth/firebase","https://www.googleapis.com/auth/cloud-platform"]
[debug] [2026-02-01T06:48:16.160Z] > authorizing via signed-in user (karantaak1994@gmail.com)
[debug] [2026-02-01T06:48:16.160Z] [iam] checking project convoai-chat for permissions ["firebase.projects.get","firebaseextensions.instances.list"]
[debug] [2026-02-01T06:48:16.160Z] Checked if tokens are valid: true, expires at: 1769931137741
[debug] [2026-02-01T06:48:16.160Z] Checked if tokens are valid: true, expires at: 1769931137741
[debug] [2026-02-01T06:48:16.160Z] >>> [apiv2][query] POST https://cloudresourcemanager.googleapis.com/v1/projects/convoai-chat:testIamPermissions [none]
[debug] [2026-02-01T06:48:16.160Z] >>> [apiv2][(partial)header] POST https://cloudresourcemanager.googleapis.com/v1/projects/convoai-chat:testIamPermissions  x-goog-user-project=convoai-chat
[debug] [2026-02-01T06:48:16.160Z] >>> [apiv2][body] POST https://cloudresourcemanager.googleapis.com/v1/projects/convoai-chat:testIamPermissions {"permissions":["firebase.projects.get","firebaseextensions.instances.list"]}
[debug] [2026-02-01T06:48:17.765Z] <<< [apiv2][status] POST https://cloudresourcemanager.googleapis.com/v1/projects/convoai-chat:testIamPermissions 200
[debug] [2026-02-01T06:48:17.766Z] <<< [apiv2][body] POST https://cloudresourcemanager.googleapis.com/v1/projects/convoai-chat:testIamPermissions {"permissions":["firebase.projects.get","firebaseextensions.instances.list"]}
[debug] [2026-02-01T06:48:17.767Z] Checked if tokens are valid: true, expires at: 1769931137741
[debug] [2026-02-01T06:48:17.767Z] Checked if tokens are valid: true, expires at: 1769931137741
[debug] [2026-02-01T06:48:17.767Z] >>> [apiv2][query] GET https://firebaseextensions.googleapis.com/v1beta/projects/convoai-chat/instances pageSize=100&pageToken=
[debug] [2026-02-01T06:48:19.509Z] <<< [apiv2][status] GET https://firebaseextensions.googleapis.com/v1beta/projects/convoai-chat/instances 200
[debug] [2026-02-01T06:48:19.509Z] <<< [apiv2][body] GET https://firebaseextensions.googleapis.com/v1beta/projects/convoai-chat/instances {}
[debug] [2026-02-01T06:48:19.512Z] Checked if tokens are valid: true, expires at: 1769931137741
[debug] [2026-02-01T06:48:19.512Z] Checked if tokens are valid: true, expires at: 1769931137741
[debug] [2026-02-01T06:48:19.512Z] >>> [apiv2][query] GET https://secretmanager.googleapis.com/v1/projects/convoai-chat/secrets/GEMINI_API_KEY [none]
[debug] [2026-02-01T06:48:20.008Z] <<< [apiv2][status] GET https://secretmanager.googleapis.com/v1/projects/convoai-chat/secrets/GEMINI_API_KEY 200
[debug] [2026-02-01T06:48:20.009Z] <<< [apiv2][body] GET https://secretmanager.googleapis.com/v1/projects/convoai-chat/secrets/GEMINI_API_KEY {"name":"projects/756918330776/secrets/GEMINI_API_KEY","replication":{"automatic":{}},"createTime":"2026-02-01T06:46:37.198192Z","labels":{"firebase-managed":"functions"},"etag":"\"1649bd918c4361\""}
[debug] [2026-02-01T06:48:20.009Z] Checked if tokens are valid: true, expires at: 1769931137741
[debug] [2026-02-01T06:48:20.010Z] Checked if tokens are valid: true, expires at: 1769931137741
[debug] [2026-02-01T06:48:20.010Z] >>> [apiv2][query] GET https://secretmanager.googleapis.com/v1/projects/convoai-chat/secrets/GEMINI_API_KEY/versions/latest [none]
[debug] [2026-02-01T06:48:20.523Z] <<< [apiv2][status] GET https://secretmanager.googleapis.com/v1/projects/convoai-chat/secrets/GEMINI_API_KEY/versions/latest 200
[debug] [2026-02-01T06:48:20.524Z] <<< [apiv2][body] GET https://secretmanager.googleapis.com/v1/projects/convoai-chat/secrets/GEMINI_API_KEY/versions/latest {"name":"projects/756918330776/secrets/GEMINI_API_KEY/versions/1","createTime":"2026-02-01T06:47:46.963895Z","state":"ENABLED","replicationStatus":{"automatic":{}},"etag":"\"1649bd958d1db7\""}
[info] i  functions: preparing functions directory for uploading... 
[info] i  functions: packaged /Users/kartiktaak/Public/Development/Development/ConvoAIChat/functions (77.94 KB) for uploading 
[debug] [2026-02-01T06:48:20.556Z] Checked if tokens are valid: true, expires at: 1769931137741
[debug] [2026-02-01T06:48:20.556Z] Checked if tokens are valid: true, expires at: 1769931137741
[debug] [2026-02-01T06:48:20.556Z] >>> [apiv2][query] GET https://cloudfunctions.googleapis.com/v1/projects/convoai-chat/locations/-/functions [none]
[debug] [2026-02-01T06:48:22.988Z] <<< [apiv2][status] GET https://cloudfunctions.googleapis.com/v1/projects/convoai-chat/locations/-/functions 200
[debug] [2026-02-01T06:48:22.988Z] <<< [apiv2][body] GET https://cloudfunctions.googleapis.com/v1/projects/convoai-chat/locations/-/functions {}
[debug] [2026-02-01T06:48:22.989Z] Checked if tokens are valid: true, expires at: 1769931137741
[debug] [2026-02-01T06:48:22.990Z] Checked if tokens are valid: true, expires at: 1769931137741
[debug] [2026-02-01T06:48:22.990Z] >>> [apiv2][query] GET https://cloudfunctions.googleapis.com/v2/projects/convoai-chat/locations/-/functions filter=environment%3D%22GEN_2%22
[debug] [2026-02-01T06:48:25.687Z] <<< [apiv2][status] GET https://cloudfunctions.googleapis.com/v2/projects/convoai-chat/locations/-/functions 200
[debug] [2026-02-01T06:48:25.687Z] <<< [apiv2][body] GET https://cloudfunctions.googleapis.com/v2/projects/convoai-chat/locations/-/functions {"functions":[{"name":"projects/convoai-chat/locations/us-central1/functions/onNewMessage","buildConfig":{"build":"projects/756918330776/locations/us-central1/builds/2de56d8d-bda9-46ae-accf-75f1f3c30e67","runtime":"nodejs24","entryPoint":"onNewMessage","source":{"storageSource":{"bucket":"gcf-v2-sources-756918330776-us-central1","object":"onNewMessage/function-source.zip","generation":"1769857811134033"}},"environmentVariables":{"GOOGLE_NODE_RUN_SCRIPTS":""},"dockerRepository":"projects/convoai-chat/locations/us-central1/repositories/gcf-artifacts","sourceProvenance":{"resolvedStorageSource":{"bucket":"gcf-v2-sources-756918330776-us-central1","object":"onNewMessage/function-source.zip","generation":"1769857811134033"}},"dockerRegistry":"ARTIFACT_REGISTRY","serviceAccount":"projects/convoai-chat/serviceAccounts/756918330776-compute@developer.gserviceaccount.com","automaticUpdatePolicy":{}},"serviceConfig":{"service":"projects/convoai-chat/locations/us-central1/services/onnewmessage","timeoutSeconds":60,"environmentVariables":{"FIREBASE_CONFIG":"{\"projectId\":\"convoai-chat\",\"storageBucket\":\"convoai-chat.firebasestorage.app\"}","GCLOUD_PROJECT":"convoai-chat","EVENTARC_CLOUD_EVENT_SOURCE":"projects/convoai-chat/locations/us-central1/services/onNewMessage","FUNCTION_SIGNATURE_TYPE":"cloudevent","FUNCTION_TARGET":"onNewMessage","LOG_EXECUTION_ID":"true"},"maxInstanceCount":20,"ingressSettings":"ALLOW_ALL","uri":"https://onnewmessage-tl7gxlivda-uc.a.run.app","serviceAccountEmail":"756918330776-compute@developer.gserviceaccount.com","availableMemory":"256Mi","allTrafficOnLatestRevision":true,"revision":"onnewmessage-00002-hos","maxInstanceRequestConcurrency":80,"availableCpu":"1"},"eventTrigger":{"trigger":"projects/convoai-chat/locations/asia-south2/triggers/onnewmessage-596688","triggerRegion":"asia-south2","eventType":"google.cloud.firestore.document.v1.created","eventFilters":[{"attribute":"document","value":"rooms/{roomId}/messages/{messageId}","operator":"match-path-pattern"},{"attribute":"database","value":"(default)"},{"attribute":"namespace","value":"(default)"}],"pubsubTopic":"projects/convoai-chat/topics/eventarc-asia-south2-onnewmessage-596688-378","serviceAccountEmail":"756918330776-compute@developer.gserviceaccount.com","retryPolicy":"RETRY_POLICY_DO_NOT_RETRY"},"state":"ACTIVE","updateTime":"2026-01-31T11:11:12.430476292Z","labels":{"deployment-tool":"cli-firebase","firebase-functions-hash":"60bd7cae3c8a4aa7d397add81bd2a4e40990854f"},"environment":"GEN_2","url":"https://us-central1-convoai-chat.cloudfunctions.net/onNewMessage","createTime":"2026-01-31T10:49:15.458880088Z","satisfiesPzi":true}]}
[debug] [2026-02-01T06:48:25.689Z] Checked if tokens are valid: true, expires at: 1769931137741
[debug] [2026-02-01T06:48:25.689Z] Checked if tokens are valid: true, expires at: 1769931137741
[debug] [2026-02-01T06:48:25.689Z] >>> [apiv2][query] GET https://firestore.googleapis.com/v1/projects/convoai-chat/databases/(default) [none]
[debug] [2026-02-01T06:48:25.998Z] <<< [apiv2][status] GET https://firestore.googleapis.com/v1/projects/convoai-chat/databases/(default) 200
[debug] [2026-02-01T06:48:25.998Z] <<< [apiv2][body] GET https://firestore.googleapis.com/v1/projects/convoai-chat/databases/(default) {"name":"projects/convoai-chat/databases/(default)","uid":"fe42da38-a8b6-4e80-800f-f8ab3197c5fb","createTime":"2026-01-29T01:20:27.370578Z","updateTime":"2026-01-29T01:20:27.370578Z","locationId":"asia-south2","type":"FIRESTORE_NATIVE","concurrencyMode":"PESSIMISTIC","versionRetentionPeriod":"3600s","earliestVersionTime":"2026-02-01T05:48:26.013394Z","appEngineIntegrationMode":"DISABLED","pointInTimeRecoveryEnablement":"POINT_IN_TIME_RECOVERY_DISABLED","deleteProtectionState":"DELETE_PROTECTION_DISABLED","databaseEdition":"STANDARD","freeTier":true,"realtimeUpdatesMode":"REALTIME_UPDATES_MODE_ENABLED","etag":"II3qg7/Zt5IDMJDruvjKr5ID"}
[info] i  functions: ensuring required API run.googleapis.com is enabled... 
[info] i  functions: ensuring required API eventarc.googleapis.com is enabled... 
[info] i  functions: ensuring required API pubsub.googleapis.com is enabled... 
[info] i  functions: ensuring required API storage.googleapis.com is enabled... 
[info] i  functions: generating the service identity for pubsub.googleapis.com... 
[debug] [2026-02-01T06:48:26.003Z] Checked if tokens are valid: true, expires at: 1769931137741
[debug] [2026-02-01T06:48:26.003Z] Checked if tokens are valid: true, expires at: 1769931137741
[info] i  functions: generating the service identity for eventarc.googleapis.com... 
[debug] [2026-02-01T06:48:26.003Z] Checked if tokens are valid: true, expires at: 1769931137741
[debug] [2026-02-01T06:48:26.003Z] Checked if tokens are valid: true, expires at: 1769931137741
[debug] [2026-02-01T06:48:26.004Z] >>> [apiv2][query] POST https://serviceusage.googleapis.com/v1beta1/projects/756918330776/services/pubsub.googleapis.com:generateServiceIdentity [none]
[debug] [2026-02-01T06:48:26.004Z] >>> [apiv2][(partial)header] POST https://serviceusage.googleapis.com/v1beta1/projects/756918330776/services/pubsub.googleapis.com:generateServiceIdentity  x-goog-user-project=756918330776
[debug] [2026-02-01T06:48:26.004Z] >>> [apiv2][body] POST https://serviceusage.googleapis.com/v1beta1/projects/756918330776/services/pubsub.googleapis.com:generateServiceIdentity {}
[debug] [2026-02-01T06:48:26.006Z] >>> [apiv2][query] POST https://serviceusage.googleapis.com/v1beta1/projects/756918330776/services/eventarc.googleapis.com:generateServiceIdentity [none]
[debug] [2026-02-01T06:48:26.006Z] >>> [apiv2][(partial)header] POST https://serviceusage.googleapis.com/v1beta1/projects/756918330776/services/eventarc.googleapis.com:generateServiceIdentity  x-goog-user-project=756918330776
[debug] [2026-02-01T06:48:26.006Z] >>> [apiv2][body] POST https://serviceusage.googleapis.com/v1beta1/projects/756918330776/services/eventarc.googleapis.com:generateServiceIdentity {}
[debug] [2026-02-01T06:48:28.035Z] <<< [apiv2][status] POST https://serviceusage.googleapis.com/v1beta1/projects/756918330776/services/pubsub.googleapis.com:generateServiceIdentity 200
[debug] [2026-02-01T06:48:28.035Z] <<< [apiv2][body] POST https://serviceusage.googleapis.com/v1beta1/projects/756918330776/services/pubsub.googleapis.com:generateServiceIdentity {"name":"operations/finished.DONE_OPERATION","done":true,"response":{"@type":"type.googleapis.com/google.api.serviceusage.v1beta1.ServiceIdentity","email":"service-756918330776@gcp-sa-pubsub.iam.gserviceaccount.com","uniqueId":"116997477607782538369"}}
[debug] [2026-02-01T06:48:28.044Z] <<< [apiv2][status] POST https://serviceusage.googleapis.com/v1beta1/projects/756918330776/services/eventarc.googleapis.com:generateServiceIdentity 200
[debug] [2026-02-01T06:48:28.044Z] <<< [apiv2][body] POST https://serviceusage.googleapis.com/v1beta1/projects/756918330776/services/eventarc.googleapis.com:generateServiceIdentity {"name":"operations/finished.DONE_OPERATION","done":true,"response":{"@type":"type.googleapis.com/google.api.serviceusage.v1beta1.ServiceIdentity","email":"service-756918330776@gcp-sa-eventarc.iam.gserviceaccount.com","uniqueId":"106279887756119585956"}}
[debug] [2026-02-01T06:48:28.048Z] Checked if tokens are valid: true, expires at: 1769931137741
[debug] [2026-02-01T06:48:28.048Z] Checked if tokens are valid: true, expires at: 1769931137741
[debug] [2026-02-01T06:48:28.048Z] >>> [apiv2][query] GET https://cloudresourcemanager.googleapis.com/v1/projects/convoai-chat [none]
[debug] [2026-02-01T06:48:29.947Z] <<< [apiv2][status] GET https://cloudresourcemanager.googleapis.com/v1/projects/convoai-chat 200
[debug] [2026-02-01T06:48:29.948Z] <<< [apiv2][body] GET https://cloudresourcemanager.googleapis.com/v1/projects/convoai-chat {"projectNumber":"756918330776","projectId":"convoai-chat","lifecycleState":"ACTIVE","name":"convoAi-Chat","labels":{"firebase":"enabled","firebase-core":"disabled"},"createTime":"2026-01-28T21:11:33.949261Z"}
[debug] [2026-02-01T06:48:29.948Z] Checked if tokens are valid: true, expires at: 1769931137741
[debug] [2026-02-01T06:48:29.948Z] Checked if tokens are valid: true, expires at: 1769931137741
[debug] [2026-02-01T06:48:29.949Z] >>> [apiv2][query] GET https://compute.googleapis.com/compute/v1/projects/756918330776 [none]
[debug] [2026-02-01T06:48:30.567Z] <<< [apiv2][status] GET https://compute.googleapis.com/compute/v1/projects/756918330776 403
[debug] [2026-02-01T06:48:30.567Z] <<< [apiv2][body] GET https://compute.googleapis.com/compute/v1/projects/756918330776 {"error":{"code":403,"message":"Compute Engine API has not been used in project 756918330776 before or it is disabled. Enable it by visiting https://console.developers.google.com/apis/api/compute.googleapis.com/overview?project=756918330776 then retry. If you enabled this API recently, wait a few minutes for the action to propagate to our systems and retry.","errors":[{"message":"Compute Engine API has not been used in project 756918330776 before or it is disabled. Enable it by visiting https://console.developers.google.com/apis/api/compute.googleapis.com/overview?project=756918330776 then retry. If you enabled this API recently, wait a few minutes for the action to propagate to our systems and retry.","domain":"usageLimits","reason":"accessNotConfigured","extendedHelp":"https://console.developers.google.com"}],"status":"PERMISSION_DENIED","details":[{"@type":"type.googleapis.com/google.rpc.ErrorInfo","reason":"SERVICE_DISABLED","domain":"googleapis.com","metadata":{"activationUrl":"https://console.developers.google.com/apis/api/compute.googleapis.com/overview?project=756918330776","service":"compute.googleapis.com","consumer":"projects/756918330776","containerInfo":"756918330776","serviceTitle":"Compute Engine API"}},{"@type":"type.googleapis.com/google.rpc.LocalizedMessage","locale":"en-US","message":"Compute Engine API has not been used in project 756918330776 before or it is disabled. Enable it by visiting https://console.developers.google.com/apis/api/compute.googleapis.com/overview?project=756918330776 then retry. If you enabled this API recently, wait a few minutes for the action to propagate to our systems and retry."},{"@type":"type.googleapis.com/google.rpc.Help","links":[{"description":"Google developers console API activation","url":"https://console.developers.google.com/apis/api/compute.googleapis.com/overview?project=756918330776"}]}]}}
[debug] [2026-02-01T06:48:30.568Z] unable to look up default compute service account. Falling back to 756918330776-compute@developer.gserviceaccount.com. Error: {"name":"FirebaseError","children":[],"context":{"body":{"error":{"code":403,"message":"Compute Engine API has not been used in project 756918330776 before or it is disabled. Enable it by visiting https://console.developers.google.com/apis/api/compute.googleapis.com/overview?project=756918330776 then retry. If you enabled this API recently, wait a few minutes for the action to propagate to our systems and retry.","errors":[{"message":"Compute Engine API has not been used in project 756918330776 before or it is disabled. Enable it by visiting https://console.developers.google.com/apis/api/compute.googleapis.com/overview?project=756918330776 then retry. If you enabled this API recently, wait a few minutes for the action to propagate to our systems and retry.","domain":"usageLimits","reason":"accessNotConfigured","extendedHelp":"https://console.developers.google.com"}],"status":"PERMISSION_DENIED","details":[{"@type":"type.googleapis.com/google.rpc.ErrorInfo","reason":"SERVICE_DISABLED","domain":"googleapis.com","metadata":{"activationUrl":"https://console.developers.google.com/apis/api/compute.googleapis.com/overview?project=756918330776","service":"compute.googleapis.com","consumer":"projects/756918330776","containerInfo":"756918330776","serviceTitle":"Compute Engine API"}},{"@type":"type.googleapis.com/google.rpc.LocalizedMessage","locale":"en-US","message":"Compute Engine API has not been used in project 756918330776 before or it is disabled. Enable it by visiting https://console.developers.google.com/apis/api/compute.googleapis.com/overview?project=756918330776 then retry. If you enabled this API recently, wait a few minutes for the action to propagate to our systems and retry."},{"@type":"type.googleapis.com/google.rpc.Help","links":[{"description":"Google developers console API activation","url":"https://console.developers.google.com/apis/api/compute.googleapis.com/overview?project=756918330776"}]}]}},"response":{"statusCode":403}},"exit":1,"message":"Request to https://compute.googleapis.com/compute/v1/projects/756918330776 had HTTP Error: 403, Compute Engine API has not been used in project 756918330776 before or it is disabled. Enable it by visiting https://console.developers.google.com/apis/api/compute.googleapis.com/overview?project=756918330776 then retry. If you enabled this API recently, wait a few minutes for the action to propagate to our systems and retry.","status":403}
[debug] [2026-02-01T06:48:30.570Z] Checked if tokens are valid: true, expires at: 1769931137741
[debug] [2026-02-01T06:48:30.570Z] Checked if tokens are valid: true, expires at: 1769931137741
[debug] [2026-02-01T06:48:30.570Z] >>> [apiv2][query] GET https://cloudbilling.googleapis.com/v1/projects/convoai-chat/billingInfo [none]
[debug] [2026-02-01T06:48:32.134Z] <<< [apiv2][status] GET https://cloudbilling.googleapis.com/v1/projects/convoai-chat/billingInfo 200
[debug] [2026-02-01T06:48:32.135Z] <<< [apiv2][body] GET https://cloudbilling.googleapis.com/v1/projects/convoai-chat/billingInfo {"name":"projects/convoai-chat/billingInfo","projectId":"convoai-chat","billingAccountName":"billingAccounts/01EE1E-F3091B-63DABB","billingEnabled":true}
[debug] [2026-02-01T06:48:32.136Z] Checked if tokens are valid: true, expires at: 1769931137741
[debug] [2026-02-01T06:48:32.137Z] Checked if tokens are valid: true, expires at: 1769931137741
[debug] [2026-02-01T06:48:32.137Z] >>> [apiv2][query] POST https://cloudfunctions.googleapis.com/v2/projects/convoai-chat/locations/us-central1/functions:generateUploadUrl [none]
[debug] [2026-02-01T06:48:33.599Z] <<< [apiv2][status] POST https://cloudfunctions.googleapis.com/v2/projects/convoai-chat/locations/us-central1/functions:generateUploadUrl 200
[debug] [2026-02-01T06:48:33.600Z] <<< [apiv2][body] POST https://cloudfunctions.googleapis.com/v2/projects/convoai-chat/locations/us-central1/functions:generateUploadUrl {"uploadUrl":"https://storage.googleapis.com/gcf-v2-uploads-756918330776.us-central1.cloudfunctions.appspot.com/f05ad233-7b54-48a1-a441-72af4b7694c2.zip?GoogleAccessId=service-756918330776@gcf-admin-robot.iam.gserviceaccount.com&Expires=1769930313&Signature=WBg%2BGf0ZB%2BIVyuOrNRGHmhQsXOWSzbHE2ODDIDWqxwvreelfmDlClfc75o2LpxzCUZIObKY01FyV24jGdWMeyAj7pMngh8%2Bz5%2Bens%2F1UyIbWajOMY8z7CTTgRGy%2BhSKZi51cyCaNnfDSX%2FZjCqPGE2oqxrd3VIkPzy%2BHO5uj5Az4UaL%2BH8VEJW5BC1YtNIDJ73LPbUQmdQNdT%2BWX0LucTeJxXqI7PcinTu9H4xploMDMcXz4OKt23yfs2Fk0tLTe7bjK6mM4X3B6NirBpvTjhQyDT2NzkKvDb3XCWHnjrxsyjbcYaPWDKCWS0LaULwRO9xwdQD5uswFSQMN970vnqg%3D%3D","storageSource":{"bucket":"gcf-v2-uploads-756918330776.us-central1.cloudfunctions.appspot.com","object":"f05ad233-7b54-48a1-a441-72af4b7694c2.zip"}}
[debug] [2026-02-01T06:48:33.601Z] >>> [apiv2][query] PUT https://storage.googleapis.com/gcf-v2-uploads-756918330776.us-central1.cloudfunctions.appspot.com/f05ad233-7b54-48a1-a441-72af4b7694c2.zip GoogleAccessId=service-756918330776%40gcf-admin-robot.iam.gserviceaccount.com&Expires=1769930313&Signature=WBg%2BGf0ZB%2BIVyuOrNRGHmhQsXOWSzbHE2ODDIDWqxwvreelfmDlClfc75o2LpxzCUZIObKY01FyV24jGdWMeyAj7pMngh8%2Bz5%2Bens%2F1UyIbWajOMY8z7CTTgRGy%2BhSKZi51cyCaNnfDSX%2FZjCqPGE2oqxrd3VIkPzy%2BHO5uj5Az4UaL%2BH8VEJW5BC1YtNIDJ73LPbUQmdQNdT%2BWX0LucTeJxXqI7PcinTu9H4xploMDMcXz4OKt23yfs2Fk0tLTe7bjK6mM4X3B6NirBpvTjhQyDT2NzkKvDb3XCWHnjrxsyjbcYaPWDKCWS0LaULwRO9xwdQD5uswFSQMN970vnqg%3D%3D
[debug] [2026-02-01T06:48:33.601Z] >>> [apiv2][body] PUT https://storage.googleapis.com/gcf-v2-uploads-756918330776.us-central1.cloudfunctions.appspot.com/f05ad233-7b54-48a1-a441-72af4b7694c2.zip [stream]
[debug] [2026-02-01T06:48:36.124Z] <<< [apiv2][status] PUT https://storage.googleapis.com/gcf-v2-uploads-756918330776.us-central1.cloudfunctions.appspot.com/f05ad233-7b54-48a1-a441-72af4b7694c2.zip 200
[debug] [2026-02-01T06:48:36.125Z] <<< [apiv2][body] PUT https://storage.googleapis.com/gcf-v2-uploads-756918330776.us-central1.cloudfunctions.appspot.com/f05ad233-7b54-48a1-a441-72af4b7694c2.zip [omitted]
[info] ✔  functions: functions source uploaded successfully 
[info] i  functions: updating Node.js 24 (2nd Gen) function onNewMessage(us-central1)... 
[debug] [2026-02-01T06:48:36.130Z] Checked if tokens are valid: true, expires at: 1769931137741
[debug] [2026-02-01T06:48:36.130Z] Checked if tokens are valid: true, expires at: 1769931137741
[debug] [2026-02-01T06:48:36.131Z] >>> [apiv2][query] PATCH https://cloudfunctions.googleapis.com/v2/projects/convoai-chat/locations/us-central1/functions/onNewMessage updateMask=name%2CbuildConfig.runtime%2CbuildConfig.entryPoint%2CbuildConfig.source.storageSource.bucket%2CbuildConfig.source.storageSource.object%2CbuildConfig.environmentVariables%2CbuildConfig.sourceToken%2CserviceConfig.environmentVariables%2CserviceConfig.ingressSettings%2CserviceConfig.timeoutSeconds%2CserviceConfig.serviceAccountEmail%2CserviceConfig.availableMemory%2CserviceConfig.minInstanceCount%2CserviceConfig.maxInstanceCount%2CserviceConfig.maxInstanceRequestConcurrency%2CserviceConfig.availableCpu%2CserviceConfig.vpcConnector%2CserviceConfig.vpcConnectorEgressSettings%2Clabels%2CeventTrigger.eventType%2CeventTrigger.retryPolicy%2CeventTrigger.eventFilters%2CeventTrigger.triggerRegion
[debug] [2026-02-01T06:48:36.131Z] >>> [apiv2][body] PATCH https://cloudfunctions.googleapis.com/v2/projects/convoai-chat/locations/us-central1/functions/onNewMessage {"name":"projects/convoai-chat/locations/us-central1/functions/onNewMessage","buildConfig":{"runtime":"nodejs24","entryPoint":"onNewMessage","source":{"storageSource":{"bucket":"gcf-v2-uploads-756918330776.us-central1.cloudfunctions.appspot.com","object":"f05ad233-7b54-48a1-a441-72af4b7694c2.zip"}},"environmentVariables":{"GOOGLE_NODE_RUN_SCRIPTS":""}},"serviceConfig":{"environmentVariables":{"FIREBASE_CONFIG":"{\"projectId\":\"convoai-chat\",\"storageBucket\":\"convoai-chat.firebasestorage.app\"}","GCLOUD_PROJECT":"convoai-chat","EVENTARC_CLOUD_EVENT_SOURCE":"projects/convoai-chat/locations/us-central1/services/onNewMessage","FUNCTION_SIGNATURE_TYPE":"cloudevent","FUNCTION_TARGET":"onNewMessage","LOG_EXECUTION_ID":"true"},"ingressSettings":null,"timeoutSeconds":null,"serviceAccountEmail":null,"availableMemory":"256Mi","minInstanceCount":null,"maxInstanceCount":null,"maxInstanceRequestConcurrency":80,"availableCpu":"1","vpcConnector":null,"vpcConnectorEgressSettings":null},"labels":{"deployment-tool":"cli-firebase","firebase-functions-hash":"f85103c255dcfe80b50c42247e01c78b3ca4b366"},"eventTrigger":{"eventType":"google.cloud.firestore.document.v1.created","retryPolicy":"RETRY_POLICY_DO_NOT_RETRY","eventFilters":[{"attribute":"database","value":"(default)"},{"attribute":"namespace","value":"(default)"},{"attribute":"document","value":"rooms/{roomId}/messages/{messageId}","operator":"match-path-pattern"}],"triggerRegion":"asia-south2"}}
[debug] [2026-02-01T06:48:39.561Z] <<< [apiv2][status] PATCH https://cloudfunctions.googleapis.com/v2/projects/convoai-chat/locations/us-central1/functions/onNewMessage 200
[debug] [2026-02-01T06:48:39.561Z] <<< [apiv2][body] PATCH https://cloudfunctions.googleapis.com/v2/projects/convoai-chat/locations/us-central1/functions/onNewMessage {"name":"projects/convoai-chat/locations/us-central1/operations/operation-1769928517406-649bd988ecfb1-4edf1208-22da998a","metadata":{"@type":"type.googleapis.com/google.cloud.functions.v2.OperationMetadata","createTime":"2026-02-01T06:48:39.432796546Z","target":"projects/convoai-chat/locations/us-central1/functions/onNewMessage","verb":"update","cancelRequested":false,"apiVersion":"v2"},"done":false}
[debug] [2026-02-01T06:48:39.563Z] Checked if tokens are valid: true, expires at: 1769931137741
[debug] [2026-02-01T06:48:39.563Z] Checked if tokens are valid: true, expires at: 1769931137741
[debug] [2026-02-01T06:48:39.563Z] >>> [apiv2][query] GET https://cloudfunctions.googleapis.com/v2/projects/convoai-chat/locations/us-central1/operations/operation-1769928517406-649bd988ecfb1-4edf1208-22da998a [none]
[debug] [2026-02-01T06:48:40.854Z] <<< [apiv2][status] GET https://cloudfunctions.googleapis.com/v2/projects/convoai-chat/locations/us-central1/operations/operation-1769928517406-649bd988ecfb1-4edf1208-22da998a 200
[debug] [2026-02-01T06:48:40.854Z] <<< [apiv2][body] GET https://cloudfunctions.googleapis.com/v2/projects/convoai-chat/locations/us-central1/operations/operation-1769928517406-649bd988ecfb1-4edf1208-22da998a {"name":"projects/convoai-chat/locations/us-central1/operations/operation-1769928517406-649bd988ecfb1-4edf1208-22da998a","metadata":{"@type":"type.googleapis.com/google.cloud.functions.v2.OperationMetadata","createTime":"2026-02-01T06:48:39.432796546Z","target":"projects/convoai-chat/locations/us-central1/functions/onNewMessage","verb":"update","cancelRequested":false,"apiVersion":"v2","requestResource":{"@type":"type.googleapis.com/google.cloud.functions.v2.Function","name":"projects/convoai-chat/locations/us-central1/functions/onNewMessage","buildConfig":{"runtime":"nodejs24","entryPoint":"onNewMessage","source":{"storageSource":{"bucket":"gcf-v2-sources-756918330776-us-central1","object":"onNewMessage/function-source.zip","generation":"1769928519382220"}},"environmentVariables":{"GOOGLE_NODE_RUN_SCRIPTS":""},"dockerRepository":"projects/convoai-chat/locations/us-central1/repositories/gcf-artifacts","sourceProvenance":{"resolvedStorageSource":{"bucket":"gcf-v2-sources-756918330776-us-central1","object":"onNewMessage/function-source.zip","generation":"1769857811134033"}},"dockerRegistry":"ARTIFACT_REGISTRY","serviceAccount":"projects/convoai-chat/serviceAccounts/756918330776-compute@developer.gserviceaccount.com","automaticUpdatePolicy":{}},"serviceConfig":{"service":"projects/convoai-chat/locations/us-central1/services/onnewmessage","timeoutSeconds":60,"environmentVariables":{"FIREBASE_CONFIG":"{\"projectId\":\"convoai-chat\",\"storageBucket\":\"convoai-chat.firebasestorage.app\"}","GCLOUD_PROJECT":"convoai-chat","EVENTARC_CLOUD_EVENT_SOURCE":"projects/convoai-chat/locations/us-central1/services/onNewMessage","FUNCTION_SIGNATURE_TYPE":"cloudevent","FUNCTION_TARGET":"onNewMessage","LOG_EXECUTION_ID":"true"},"ingressSettings":"ALLOW_ALL","uri":"https://onnewmessage-tl7gxlivda-uc.a.run.app","serviceAccountEmail":"756918330776-compute@developer.gserviceaccount.com","availableMemory":"256Mi","allTrafficOnLatestRevision":true,"revision":"onnewmessage-00002-hos","maxInstanceRequestConcurrency":80,"availableCpu":"1"},"eventTrigger":{"trigger":"projects/convoai-chat/locations/asia-south2/triggers/onnewmessage-596688","triggerRegion":"asia-south2","eventType":"google.cloud.firestore.document.v1.created","eventFilters":[{"attribute":"database","value":"(default)"},{"attribute":"namespace","value":"(default)"},{"attribute":"document","value":"rooms/{roomId}/messages/{messageId}","operator":"match-path-pattern"}],"pubsubTopic":"projects/convoai-chat/topics/eventarc-asia-south2-onnewmessage-596688-378","serviceAccountEmail":"756918330776-compute@developer.gserviceaccount.com","retryPolicy":"RETRY_POLICY_DO_NOT_RETRY"},"state":"ACTIVE","labels":{"deployment-tool":"cli-firebase","firebase-functions-hash":"f85103c255dcfe80b50c42247e01c78b3ca4b366"},"environment":"GEN_2","url":"https://us-central1-convoai-chat.cloudfunctions.net/onNewMessage","satisfiesPzi":true},"stages":[{"name":"BUILD","message":"Build in progress","state":"IN_PROGRESS","resource":"projects/756918330776/locations/us-central1/builds/1c8568c4-ca75-46d1-80e1-afa89a04efc4","resourceUri":"https://console.cloud.google.com/cloud-build/builds;region=us-central1/1c8568c4-ca75-46d1-80e1-afa89a04efc4?project=756918330776"},{"name":"SERVICE","state":"NOT_STARTED"},{"name":"TRIGGER","state":"NOT_STARTED"}],"operationType":"UPDATE_FUNCTION","buildName":"projects/756918330776/locations/us-central1/builds/1c8568c4-ca75-46d1-80e1-afa89a04efc4"},"done":false}
[debug] [2026-02-01T06:48:41.357Z] [update-default-us-central1-onNewMessage] Retrying task index 0
[debug] [2026-02-01T06:48:41.357Z] Checked if tokens are valid: true, expires at: 1769931137741
[debug] [2026-02-01T06:48:41.358Z] Checked if tokens are valid: true, expires at: 1769931137741
[debug] [2026-02-01T06:48:41.358Z] >>> [apiv2][query] GET https://cloudfunctions.googleapis.com/v2/projects/convoai-chat/locations/us-central1/operations/operation-1769928517406-649bd988ecfb1-4edf1208-22da998a [none]
[debug] [2026-02-01T06:48:42.697Z] <<< [apiv2][status] GET https://cloudfunctions.googleapis.com/v2/projects/convoai-chat/locations/us-central1/operations/operation-1769928517406-649bd988ecfb1-4edf1208-22da998a 200
[debug] [2026-02-01T06:48:42.697Z] <<< [apiv2][body] GET https://cloudfunctions.googleapis.com/v2/projects/convoai-chat/locations/us-central1/operations/operation-1769928517406-649bd988ecfb1-4edf1208-22da998a {"name":"projects/convoai-chat/locations/us-central1/operations/operation-1769928517406-649bd988ecfb1-4edf1208-22da998a","metadata":{"@type":"type.googleapis.com/google.cloud.functions.v2.OperationMetadata","createTime":"2026-02-01T06:48:39.432796546Z","target":"projects/convoai-chat/locations/us-central1/functions/onNewMessage","verb":"update","cancelRequested":false,"apiVersion":"v2","requestResource":{"@type":"type.googleapis.com/google.cloud.functions.v2.Function","name":"projects/convoai-chat/locations/us-central1/functions/onNewMessage","buildConfig":{"runtime":"nodejs24","entryPoint":"onNewMessage","source":{"storageSource":{"bucket":"gcf-v2-sources-756918330776-us-central1","object":"onNewMessage/function-source.zip","generation":"1769928519382220"}},"environmentVariables":{"GOOGLE_NODE_RUN_SCRIPTS":""},"dockerRepository":"projects/convoai-chat/locations/us-central1/repositories/gcf-artifacts","sourceProvenance":{"resolvedStorageSource":{"bucket":"gcf-v2-sources-756918330776-us-central1","object":"onNewMessage/function-source.zip","generation":"1769857811134033"}},"dockerRegistry":"ARTIFACT_REGISTRY","serviceAccount":"projects/convoai-chat/serviceAccounts/756918330776-compute@developer.gserviceaccount.com","automaticUpdatePolicy":{}},"serviceConfig":{"service":"projects/convoai-chat/locations/us-central1/services/onnewmessage","timeoutSeconds":60,"environmentVariables":{"FIREBASE_CONFIG":"{\"projectId\":\"convoai-chat\",\"storageBucket\":\"convoai-chat.firebasestorage.app\"}","GCLOUD_PROJECT":"convoai-chat","EVENTARC_CLOUD_EVENT_SOURCE":"projects/convoai-chat/locations/us-central1/services/onNewMessage","FUNCTION_SIGNATURE_TYPE":"cloudevent","FUNCTION_TARGET":"onNewMessage","LOG_EXECUTION_ID":"true"},"ingressSettings":"ALLOW_ALL","uri":"https://onnewmessage-tl7gxlivda-uc.a.run.app","serviceAccountEmail":"756918330776-compute@developer.gserviceaccount.com","availableMemory":"256Mi","allTrafficOnLatestRevision":true,"revision":"onnewmessage-00002-hos","maxInstanceRequestConcurrency":80,"availableCpu":"1"},"eventTrigger":{"trigger":"projects/convoai-chat/locations/asia-south2/triggers/onnewmessage-596688","triggerRegion":"asia-south2","eventType":"google.cloud.firestore.document.v1.created","eventFilters":[{"attribute":"database","value":"(default)"},{"attribute":"namespace","value":"(default)"},{"attribute":"document","value":"rooms/{roomId}/messages/{messageId}","operator":"match-path-pattern"}],"pubsubTopic":"projects/convoai-chat/topics/eventarc-asia-south2-onnewmessage-596688-378","serviceAccountEmail":"756918330776-compute@developer.gserviceaccount.com","retryPolicy":"RETRY_POLICY_DO_NOT_RETRY"},"state":"ACTIVE","labels":{"deployment-tool":"cli-firebase","firebase-functions-hash":"f85103c255dcfe80b50c42247e01c78b3ca4b366"},"environment":"GEN_2","url":"https://us-central1-convoai-chat.cloudfunctions.net/onNewMessage","satisfiesPzi":true},"stages":[{"name":"BUILD","message":"Build in progress","state":"IN_PROGRESS","resource":"projects/756918330776/locations/us-central1/builds/1c8568c4-ca75-46d1-80e1-afa89a04efc4","resourceUri":"https://console.cloud.google.com/cloud-build/builds;region=us-central1/1c8568c4-ca75-46d1-80e1-afa89a04efc4?project=756918330776"},{"name":"SERVICE","state":"NOT_STARTED"},{"name":"TRIGGER","state":"NOT_STARTED"}],"operationType":"UPDATE_FUNCTION","buildName":"projects/756918330776/locations/us-central1/builds/1c8568c4-ca75-46d1-80e1-afa89a04efc4"},"done":false}
[debug] [2026-02-01T06:48:43.699Z] [update-default-us-central1-onNewMessage] Retrying task index 0
[debug] [2026-02-01T06:48:43.700Z] Checked if tokens are valid: true, expires at: 1769931137741
[debug] [2026-02-01T06:48:43.700Z] Checked if tokens are valid: true, expires at: 1769931137741
[debug] [2026-02-01T06:48:43.700Z] >>> [apiv2][query] GET https://cloudfunctions.googleapis.com/v2/projects/convoai-chat/locations/us-central1/operations/operation-1769928517406-649bd988ecfb1-4edf1208-22da998a [none]
[debug] [2026-02-01T06:48:45.010Z] <<< [apiv2][status] GET https://cloudfunctions.googleapis.com/v2/projects/convoai-chat/locations/us-central1/operations/operation-1769928517406-649bd988ecfb1-4edf1208-22da998a 200
[debug] [2026-02-01T06:48:45.010Z] <<< [apiv2][body] GET https://cloudfunctions.googleapis.com/v2/projects/convoai-chat/locations/us-central1/operations/operation-1769928517406-649bd988ecfb1-4edf1208-22da998a {"name":"projects/convoai-chat/locations/us-central1/operations/operation-1769928517406-649bd988ecfb1-4edf1208-22da998a","metadata":{"@type":"type.googleapis.com/google.cloud.functions.v2.OperationMetadata","createTime":"2026-02-01T06:48:39.432796546Z","target":"projects/convoai-chat/locations/us-central1/functions/onNewMessage","verb":"update","cancelRequested":false,"apiVersion":"v2","requestResource":{"@type":"type.googleapis.com/google.cloud.functions.v2.Function","name":"projects/convoai-chat/locations/us-central1/functions/onNewMessage","buildConfig":{"runtime":"nodejs24","entryPoint":"onNewMessage","source":{"storageSource":{"bucket":"gcf-v2-sources-756918330776-us-central1","object":"onNewMessage/function-source.zip","generation":"1769928519382220"}},"environmentVariables":{"GOOGLE_NODE_RUN_SCRIPTS":""},"dockerRepository":"projects/convoai-chat/locations/us-central1/repositories/gcf-artifacts","sourceProvenance":{"resolvedStorageSource":{"bucket":"gcf-v2-sources-756918330776-us-central1","object":"onNewMessage/function-source.zip","generation":"1769857811134033"}},"dockerRegistry":"ARTIFACT_REGISTRY","serviceAccount":"projects/convoai-chat/serviceAccounts/756918330776-compute@developer.gserviceaccount.com","automaticUpdatePolicy":{}},"serviceConfig":{"service":"projects/convoai-chat/locations/us-central1/services/onnewmessage","timeoutSeconds":60,"environmentVariables":{"FIREBASE_CONFIG":"{\"projectId\":\"convoai-chat\",\"storageBucket\":\"convoai-chat.firebasestorage.app\"}","GCLOUD_PROJECT":"convoai-chat","EVENTARC_CLOUD_EVENT_SOURCE":"projects/convoai-chat/locations/us-central1/services/onNewMessage","FUNCTION_SIGNATURE_TYPE":"cloudevent","FUNCTION_TARGET":"onNewMessage","LOG_EXECUTION_ID":"true"},"ingressSettings":"ALLOW_ALL","uri":"https://onnewmessage-tl7gxlivda-uc.a.run.app","serviceAccountEmail":"756918330776-compute@developer.gserviceaccount.com","availableMemory":"256Mi","allTrafficOnLatestRevision":true,"revision":"onnewmessage-00002-hos","maxInstanceRequestConcurrency":80,"availableCpu":"1"},"eventTrigger":{"trigger":"projects/convoai-chat/locations/asia-south2/triggers/onnewmessage-596688","triggerRegion":"asia-south2","eventType":"google.cloud.firestore.document.v1.created","eventFilters":[{"attribute":"database","value":"(default)"},{"attribute":"namespace","value":"(default)"},{"attribute":"document","value":"rooms/{roomId}/messages/{messageId}","operator":"match-path-pattern"}],"pubsubTopic":"projects/convoai-chat/topics/eventarc-asia-south2-onnewmessage-596688-378","serviceAccountEmail":"756918330776-compute@developer.gserviceaccount.com","retryPolicy":"RETRY_POLICY_DO_NOT_RETRY"},"state":"ACTIVE","labels":{"deployment-tool":"cli-firebase","firebase-functions-hash":"f85103c255dcfe80b50c42247e01c78b3ca4b366"},"environment":"GEN_2","url":"https://us-central1-convoai-chat.cloudfunctions.net/onNewMessage","satisfiesPzi":true},"stages":[{"name":"BUILD","message":"Build in progress","state":"IN_PROGRESS","resource":"projects/756918330776/locations/us-central1/builds/1c8568c4-ca75-46d1-80e1-afa89a04efc4","resourceUri":"https://console.cloud.google.com/cloud-build/builds;region=us-central1/1c8568c4-ca75-46d1-80e1-afa89a04efc4?project=756918330776"},{"name":"SERVICE","state":"NOT_STARTED"},{"name":"TRIGGER","state":"NOT_STARTED"}],"operationType":"UPDATE_FUNCTION","buildName":"projects/756918330776/locations/us-central1/builds/1c8568c4-ca75-46d1-80e1-afa89a04efc4"},"done":false}
[debug] [2026-02-01T06:48:47.012Z] [update-default-us-central1-onNewMessage] Retrying task index 0
[debug] [2026-02-01T06:48:47.013Z] Checked if tokens are valid: true, expires at: 1769931137741
[debug] [2026-02-01T06:48:47.013Z] Checked if tokens are valid: true, expires at: 1769931137741
[debug] [2026-02-01T06:48:47.014Z] >>> [apiv2][query] GET https://cloudfunctions.googleapis.com/v2/projects/convoai-chat/locations/us-central1/operations/operation-1769928517406-649bd988ecfb1-4edf1208-22da998a [none]
[debug] [2026-02-01T06:48:48.371Z] <<< [apiv2][status] GET https://cloudfunctions.googleapis.com/v2/projects/convoai-chat/locations/us-central1/operations/operation-1769928517406-649bd988ecfb1-4edf1208-22da998a 200
[debug] [2026-02-01T06:48:48.372Z] <<< [apiv2][body] GET https://cloudfunctions.googleapis.com/v2/projects/convoai-chat/locations/us-central1/operations/operation-1769928517406-649bd988ecfb1-4edf1208-22da998a {"name":"projects/convoai-chat/locations/us-central1/operations/operation-1769928517406-649bd988ecfb1-4edf1208-22da998a","metadata":{"@type":"type.googleapis.com/google.cloud.functions.v2.OperationMetadata","createTime":"2026-02-01T06:48:39.432796546Z","target":"projects/convoai-chat/locations/us-central1/functions/onNewMessage","verb":"update","cancelRequested":false,"apiVersion":"v2","requestResource":{"@type":"type.googleapis.com/google.cloud.functions.v2.Function","name":"projects/convoai-chat/locations/us-central1/functions/onNewMessage","buildConfig":{"runtime":"nodejs24","entryPoint":"onNewMessage","source":{"storageSource":{"bucket":"gcf-v2-sources-756918330776-us-central1","object":"onNewMessage/function-source.zip","generation":"1769928519382220"}},"environmentVariables":{"GOOGLE_NODE_RUN_SCRIPTS":""},"dockerRepository":"projects/convoai-chat/locations/us-central1/repositories/gcf-artifacts","sourceProvenance":{"resolvedStorageSource":{"bucket":"gcf-v2-sources-756918330776-us-central1","object":"onNewMessage/function-source.zip","generation":"1769857811134033"}},"dockerRegistry":"ARTIFACT_REGISTRY","serviceAccount":"projects/convoai-chat/serviceAccounts/756918330776-compute@developer.gserviceaccount.com","automaticUpdatePolicy":{}},"serviceConfig":{"service":"projects/convoai-chat/locations/us-central1/services/onnewmessage","timeoutSeconds":60,"environmentVariables":{"FIREBASE_CONFIG":"{\"projectId\":\"convoai-chat\",\"storageBucket\":\"convoai-chat.firebasestorage.app\"}","GCLOUD_PROJECT":"convoai-chat","EVENTARC_CLOUD_EVENT_SOURCE":"projects/convoai-chat/locations/us-central1/services/onNewMessage","FUNCTION_SIGNATURE_TYPE":"cloudevent","FUNCTION_TARGET":"onNewMessage","LOG_EXECUTION_ID":"true"},"ingressSettings":"ALLOW_ALL","uri":"https://onnewmessage-tl7gxlivda-uc.a.run.app","serviceAccountEmail":"756918330776-compute@developer.gserviceaccount.com","availableMemory":"256Mi","allTrafficOnLatestRevision":true,"revision":"onnewmessage-00002-hos","maxInstanceRequestConcurrency":80,"availableCpu":"1"},"eventTrigger":{"trigger":"projects/convoai-chat/locations/asia-south2/triggers/onnewmessage-596688","triggerRegion":"asia-south2","eventType":"google.cloud.firestore.document.v1.created","eventFilters":[{"attribute":"database","value":"(default)"},{"attribute":"namespace","value":"(default)"},{"attribute":"document","value":"rooms/{roomId}/messages/{messageId}","operator":"match-path-pattern"}],"pubsubTopic":"projects/convoai-chat/topics/eventarc-asia-south2-onnewmessage-596688-378","serviceAccountEmail":"756918330776-compute@developer.gserviceaccount.com","retryPolicy":"RETRY_POLICY_DO_NOT_RETRY"},"state":"ACTIVE","labels":{"deployment-tool":"cli-firebase","firebase-functions-hash":"f85103c255dcfe80b50c42247e01c78b3ca4b366"},"environment":"GEN_2","url":"https://us-central1-convoai-chat.cloudfunctions.net/onNewMessage","satisfiesPzi":true},"stages":[{"name":"BUILD","message":"Build in progress","state":"IN_PROGRESS","resource":"projects/756918330776/locations/us-central1/builds/1c8568c4-ca75-46d1-80e1-afa89a04efc4","resourceUri":"https://console.cloud.google.com/cloud-build/builds;region=us-central1/1c8568c4-ca75-46d1-80e1-afa89a04efc4?project=756918330776"},{"name":"SERVICE","state":"NOT_STARTED"},{"name":"TRIGGER","state":"NOT_STARTED"}],"operationType":"UPDATE_FUNCTION","buildName":"projects/756918330776/locations/us-central1/builds/1c8568c4-ca75-46d1-80e1-afa89a04efc4"},"done":false}
[debug] [2026-02-01T06:48:52.373Z] [update-default-us-central1-onNewMessage] Retrying task index 0
[debug] [2026-02-01T06:48:52.374Z] Checked if tokens are valid: true, expires at: 1769931137741
[debug] [2026-02-01T06:48:52.374Z] Checked if tokens are valid: true, expires at: 1769931137741
[debug] [2026-02-01T06:48:52.374Z] >>> [apiv2][query] GET https://cloudfunctions.googleapis.com/v2/projects/convoai-chat/locations/us-central1/operations/operation-1769928517406-649bd988ecfb1-4edf1208-22da998a [none]
[debug] [2026-02-01T06:48:53.675Z] <<< [apiv2][status] GET https://cloudfunctions.googleapis.com/v2/projects/convoai-chat/locations/us-central1/operations/operation-1769928517406-649bd988ecfb1-4edf1208-22da998a 200
[debug] [2026-02-01T06:48:53.675Z] <<< [apiv2][body] GET https://cloudfunctions.googleapis.com/v2/projects/convoai-chat/locations/us-central1/operations/operation-1769928517406-649bd988ecfb1-4edf1208-22da998a {"name":"projects/convoai-chat/locations/us-central1/operations/operation-1769928517406-649bd988ecfb1-4edf1208-22da998a","metadata":{"@type":"type.googleapis.com/google.cloud.functions.v2.OperationMetadata","createTime":"2026-02-01T06:48:39.432796546Z","target":"projects/convoai-chat/locations/us-central1/functions/onNewMessage","verb":"update","cancelRequested":false,"apiVersion":"v2","requestResource":{"@type":"type.googleapis.com/google.cloud.functions.v2.Function","name":"projects/convoai-chat/locations/us-central1/functions/onNewMessage","buildConfig":{"runtime":"nodejs24","entryPoint":"onNewMessage","source":{"storageSource":{"bucket":"gcf-v2-sources-756918330776-us-central1","object":"onNewMessage/function-source.zip","generation":"1769928519382220"}},"environmentVariables":{"GOOGLE_NODE_RUN_SCRIPTS":""},"dockerRepository":"projects/convoai-chat/locations/us-central1/repositories/gcf-artifacts","sourceProvenance":{"resolvedStorageSource":{"bucket":"gcf-v2-sources-756918330776-us-central1","object":"onNewMessage/function-source.zip","generation":"1769857811134033"}},"dockerRegistry":"ARTIFACT_REGISTRY","serviceAccount":"projects/convoai-chat/serviceAccounts/756918330776-compute@developer.gserviceaccount.com","automaticUpdatePolicy":{}},"serviceConfig":{"service":"projects/convoai-chat/locations/us-central1/services/onnewmessage","timeoutSeconds":60,"environmentVariables":{"FIREBASE_CONFIG":"{\"projectId\":\"convoai-chat\",\"storageBucket\":\"convoai-chat.firebasestorage.app\"}","GCLOUD_PROJECT":"convoai-chat","EVENTARC_CLOUD_EVENT_SOURCE":"projects/convoai-chat/locations/us-central1/services/onNewMessage","FUNCTION_SIGNATURE_TYPE":"cloudevent","FUNCTION_TARGET":"onNewMessage","LOG_EXECUTION_ID":"true"},"ingressSettings":"ALLOW_ALL","uri":"https://onnewmessage-tl7gxlivda-uc.a.run.app","serviceAccountEmail":"756918330776-compute@developer.gserviceaccount.com","availableMemory":"256Mi","allTrafficOnLatestRevision":true,"revision":"onnewmessage-00002-hos","maxInstanceRequestConcurrency":80,"availableCpu":"1"},"eventTrigger":{"trigger":"projects/convoai-chat/locations/asia-south2/triggers/onnewmessage-596688","triggerRegion":"asia-south2","eventType":"google.cloud.firestore.document.v1.created","eventFilters":[{"attribute":"database","value":"(default)"},{"attribute":"namespace","value":"(default)"},{"attribute":"document","value":"rooms/{roomId}/messages/{messageId}","operator":"match-path-pattern"}],"pubsubTopic":"projects/convoai-chat/topics/eventarc-asia-south2-onnewmessage-596688-378","serviceAccountEmail":"756918330776-compute@developer.gserviceaccount.com","retryPolicy":"RETRY_POLICY_DO_NOT_RETRY"},"state":"ACTIVE","labels":{"deployment-tool":"cli-firebase","firebase-functions-hash":"f85103c255dcfe80b50c42247e01c78b3ca4b366"},"environment":"GEN_2","url":"https://us-central1-convoai-chat.cloudfunctions.net/onNewMessage","satisfiesPzi":true},"stages":[{"name":"BUILD","message":"Build in progress","state":"IN_PROGRESS","resource":"projects/756918330776/locations/us-central1/builds/1c8568c4-ca75-46d1-80e1-afa89a04efc4","resourceUri":"https://console.cloud.google.com/cloud-build/builds;region=us-central1/1c8568c4-ca75-46d1-80e1-afa89a04efc4?project=756918330776"},{"name":"SERVICE","state":"NOT_STARTED"},{"name":"TRIGGER","state":"NOT_STARTED"}],"operationType":"UPDATE_FUNCTION","buildName":"projects/756918330776/locations/us-central1/builds/1c8568c4-ca75-46d1-80e1-afa89a04efc4"},"done":false}
[debug] [2026-02-01T06:49:01.676Z] [update-default-us-central1-onNewMessage] Retrying task index 0
[debug] [2026-02-01T06:49:01.676Z] Checked if tokens are valid: true, expires at: 1769931137741
[debug] [2026-02-01T06:49:01.676Z] Checked if tokens are valid: true, expires at: 1769931137741
[debug] [2026-02-01T06:49:01.677Z] >>> [apiv2][query] GET https://cloudfunctions.googleapis.com/v2/projects/convoai-chat/locations/us-central1/operations/operation-1769928517406-649bd988ecfb1-4edf1208-22da998a [none]
[debug] [2026-02-01T06:49:03.046Z] <<< [apiv2][status] GET https://cloudfunctions.googleapis.com/v2/projects/convoai-chat/locations/us-central1/operations/operation-1769928517406-649bd988ecfb1-4edf1208-22da998a 200
[debug] [2026-02-01T06:49:03.047Z] <<< [apiv2][body] GET https://cloudfunctions.googleapis.com/v2/projects/convoai-chat/locations/us-central1/operations/operation-1769928517406-649bd988ecfb1-4edf1208-22da998a {"name":"projects/convoai-chat/locations/us-central1/operations/operation-1769928517406-649bd988ecfb1-4edf1208-22da998a","metadata":{"@type":"type.googleapis.com/google.cloud.functions.v2.OperationMetadata","createTime":"2026-02-01T06:48:39.432796546Z","target":"projects/convoai-chat/locations/us-central1/functions/onNewMessage","verb":"update","cancelRequested":false,"apiVersion":"v2","requestResource":{"@type":"type.googleapis.com/google.cloud.functions.v2.Function","name":"projects/convoai-chat/locations/us-central1/functions/onNewMessage","buildConfig":{"runtime":"nodejs24","entryPoint":"onNewMessage","source":{"storageSource":{"bucket":"gcf-v2-sources-756918330776-us-central1","object":"onNewMessage/function-source.zip","generation":"1769928519382220"}},"environmentVariables":{"GOOGLE_NODE_RUN_SCRIPTS":""},"dockerRepository":"projects/convoai-chat/locations/us-central1/repositories/gcf-artifacts","sourceProvenance":{"resolvedStorageSource":{"bucket":"gcf-v2-sources-756918330776-us-central1","object":"onNewMessage/function-source.zip","generation":"1769857811134033"}},"dockerRegistry":"ARTIFACT_REGISTRY","serviceAccount":"projects/convoai-chat/serviceAccounts/756918330776-compute@developer.gserviceaccount.com","automaticUpdatePolicy":{}},"serviceConfig":{"service":"projects/convoai-chat/locations/us-central1/services/onnewmessage","timeoutSeconds":60,"environmentVariables":{"FIREBASE_CONFIG":"{\"projectId\":\"convoai-chat\",\"storageBucket\":\"convoai-chat.firebasestorage.app\"}","GCLOUD_PROJECT":"convoai-chat","EVENTARC_CLOUD_EVENT_SOURCE":"projects/convoai-chat/locations/us-central1/services/onNewMessage","FUNCTION_SIGNATURE_TYPE":"cloudevent","FUNCTION_TARGET":"onNewMessage","LOG_EXECUTION_ID":"true"},"ingressSettings":"ALLOW_ALL","uri":"https://onnewmessage-tl7gxlivda-uc.a.run.app","serviceAccountEmail":"756918330776-compute@developer.gserviceaccount.com","availableMemory":"256Mi","allTrafficOnLatestRevision":true,"revision":"onnewmessage-00002-hos","maxInstanceRequestConcurrency":80,"availableCpu":"1"},"eventTrigger":{"trigger":"projects/convoai-chat/locations/asia-south2/triggers/onnewmessage-596688","triggerRegion":"asia-south2","eventType":"google.cloud.firestore.document.v1.created","eventFilters":[{"attribute":"database","value":"(default)"},{"attribute":"namespace","value":"(default)"},{"attribute":"document","value":"rooms/{roomId}/messages/{messageId}","operator":"match-path-pattern"}],"pubsubTopic":"projects/convoai-chat/topics/eventarc-asia-south2-onnewmessage-596688-378","serviceAccountEmail":"756918330776-compute@developer.gserviceaccount.com","retryPolicy":"RETRY_POLICY_DO_NOT_RETRY"},"state":"ACTIVE","labels":{"deployment-tool":"cli-firebase","firebase-functions-hash":"f85103c255dcfe80b50c42247e01c78b3ca4b366"},"environment":"GEN_2","url":"https://us-central1-convoai-chat.cloudfunctions.net/onNewMessage","satisfiesPzi":true},"stages":[{"name":"BUILD","message":"Build in progress","state":"IN_PROGRESS","resource":"projects/756918330776/locations/us-central1/builds/1c8568c4-ca75-46d1-80e1-afa89a04efc4","resourceUri":"https://console.cloud.google.com/cloud-build/builds;region=us-central1/1c8568c4-ca75-46d1-80e1-afa89a04efc4?project=756918330776"},{"name":"SERVICE","state":"NOT_STARTED"},{"name":"TRIGGER","state":"NOT_STARTED"}],"operationType":"UPDATE_FUNCTION","buildName":"projects/756918330776/locations/us-central1/builds/1c8568c4-ca75-46d1-80e1-afa89a04efc4"},"done":false}
